// Jest Snapshot v1, https://goo.gl/fbAQLP

exports[`AzureContainerApp-Snapshot renders a AzureContainerApp 1`] = `
"{
  "resource": {
    "azapi_resource": {
      "container_app": {
        "body": "\${jsonencode({identity = {type = \\"SystemAssigned\\"}, properties = {managedEnvironmentId = azapi_resource.testACA_managed_environment_109262E1.id, configuration = {registries = [{server = \\"testacr.azurecr.io\\", identity = \\"system\\"}], ingress = {external = true, targetPort = 8080}}, template = {containers = [{name = \\"test-container\\", image = \\"uzyexe/tetris:latest\\", resources = {cpu = 2, memory = \\"1Gi\\"}}], scale = {minReplicas = 1, maxReplicas = 3}}}})}",
        "location": "eastus",
        "name": "acrtest888",
        "parent_id": "rg-test",
        "type": "Microsoft.App/containerApps@2022-03-01"
      },
      "testACA_managed_environment_109262E1": {
        "body": "\${jsonencode({properties = {appLogsConfiguration = {destination = \\"log-analytics\\", logAnalyticsConfiguration = {customerId = \\"loganalyticsid\\", sharedKey = \\"loganalyticskey\\"}}}})}",
        "location": "eastus",
        "name": "acrtest888-env",
        "parent_id": "rg-test",
        "type": "Microsoft.App/managedEnvironments@2022-03-01"
      }
    }
  }
}"
`;

exports[`AzureContainerApp-Snapshot renders a AzureContainerApp and checks snapshot 1`] = `
"{
}"
`;
